Catalog               | Name                                           | Version | Category    | Status        
----------------------+------------------------------------------------+---------+-------------+---------------
SLE11-SDK-SP1-Updates | sdksp1-MozillaFirefox                          | 2609    | security    | Not Applicable
SLE11-SDK-SP1-Updates | sdksp1-MozillaFirefox                          | 2781    | security    | Not Applicable
SLE11-SDK-SP1-Updates | sdksp1-MozillaFirefox                          | 3160    | security    | Not Applicable
SLE11-SDK-SP1-Updates | sdksp1-MozillaFirefox                          | 3456    | security    | Not Applicable
SLE11-SDK-SP1-Updates | sdksp1-MozillaFirefox                          | 3693    | security    | Not Applicable
SLE11-SDK-SP1-Updates | sdksp1-MozillaFirefox                          | 4104    | security    | Not Applicable
SLE11-SDK-SP1-Updates | sdksp1-MozillaFirefox                          | 4227    | security    | Not Applicable
SLE11-SDK-SP1-Updates | sdksp1-MozillaFirefox                          | 4463    | security    | Not Applicable
SLE11-SDK-SP1-Updates | sdksp1-MozillaFirefox                          | 4804    | security    | Not Applicable
SLE11-SDK-SP1-Updates | sdksp1-MozillaFirefox                          | 5057    | security    | Not Applicable
SLE11-SDK-SP1-Updates | sdksp1-MozillaFirefox                          | 5224    | security    | Not Applicable
SLE11-SDK-SP1-Updates | sdksp1-MozillaFirefox                          | 5429    | security    | Not Applicable
SLE11-SDK-SP1-Updates | sdksp1-MozillaFirefox                          | 6007    | security    | Not Applicable
SLE11-SDK-SP1-Updates | sdksp1-MozillaFirefox                          | 6425    | security    | Not Applicable
