<?xml version='1.0'?>
<stream>
<update-status version="0.6">
<update-list>
 <update name="yast2-trans-en_US" edition="2.17.32-0.5.1" arch="noarch" kind="package" >
  <summary>YaST2 - American English Translations  </summary>
  <description>YaST2 - Translations for American English.</description>
  <license></license>
  <source url="https://nu.novell.com/repo/$RCE/SLES11-SP2-Core/sle-11-x86_64?credentials=NCCcredentials" alias="nu_novell_com:SLES11-SP2-Core"/>
 </update>
 <update name="sles-release-DVD" edition="11.2-1.234" arch="x86_64" kind="package" >
  <summary>SUSE Linux Enterprise Server 11 SP2  </summary>
  <description>SUSE Linux Enterprise offers a comprehensive
        suite of products built on a single code base.
        The platform addresses business needs from
        the smallest thin-client devices to the world?s
        most powerful high-performance computing
        and mainframe servers. SUSE Linux Enterprise
        offers common management tools and technology
        certifications across the platform, and
        each product is enterprise-class.</description>
  <license></license>
  <source url="https://nu.novell.com/repo/$RCE/SLES11-SP2-Core/sle-11-x86_64?credentials=NCCcredentials" alias="nu_novell_com:SLES11-SP2-Core"/>
 </update>
 <update name="openslp" edition="1.2.0-172.22.1" arch="x86_64" kind="package" >
  <summary>An OpenSLP Implementation of Service Location Protocol V2  </summary>
  <description>Service Location Protocol is an IETF standards track protocol that
provides a framework that allows networking applications to discover
the existence, location, and configuration of networked services in
enterprise networks.

OpenSLP is an open source implementation of the SLPv2 protocol as
defined by RFC 2608 and RFC 2614.  This package includes the slptool
and runtime libraries.</description>
  <license></license>
  <source url="https://nu.novell.com/repo/$RCE/SLES11-SP1-Updates/sle-11-x86_64?credentials=NCCcredentials" alias="nu_novell_com:SLES11-SP1-Updates"/>
 </update>
 <update name="pciutils-ids" edition="2011.11.24-0.4.1" arch="noarch" kind="package" >
  <summary>PCI-utilities pci.ids database  </summary>
  <description>The database of PCI IDS for pciutils.

merge-pciids: This program merges several pci.ids files.</description>
  <license></license>
  <source url="https://nu.novell.com/repo/$RCE/SLES11-SP2-Core/sle-11-x86_64?credentials=NCCcredentials" alias="nu_novell_com:SLES11-SP2-Core"/>
 </update>
 <update name="pam-config" edition="0.79-2.5.58" arch="x86_64" kind="package" >
  <summary>Modify common PAM configuration files  </summary>
  <description>pam-config is a command line utility to maintain the common PAM
configuration files included by most PAM application configuration
files. It can be used to configure a system for different network or
hardware based authentication schemes. pam-config can also
add/adjust/remove other PAM modules and their options.</description>
  <license></license>
  <source url="https://nu.novell.com/repo/$RCE/SLES11-SP2-Core/sle-11-x86_64?credentials=NCCcredentials" alias="nu_novell_com:SLES11-SP2-Core"/>
 </update>
 <update name="netcfg" edition="11.2-0.5.2" arch="noarch" kind="package" >
  <summary>Network Configuration Files in /etc  </summary>
  <description>All of the basic configuration files for the network programs including
/etc/aliases, /etc/protocols, and /etc/services.

These are often used by network routines in the C library and therefore
must be installed for all network programs.</description>
  <license></license>
  <source url="https://nu.novell.com/repo/$RCE/SLES11-SP2-Core/sle-11-x86_64?credentials=NCCcredentials" alias="nu_novell_com:SLES11-SP2-Core"/>
 </update>
 <update name="libgpg-error0" edition="1.10-0.7.29" arch="x86_64" kind="package" >
  <summary>Library That Defines Common Error Values for All GnuPG Components  </summary>
  <description>This is a library that defines common error values for all GnuPG
components.  Among these are GPG, GPGSM, GPGME, GPG-Agent, libgcrypt,
pinentry, SmartCard Daemon, and possibly more in the future.</description>
  <license></license>
  <source url="https://nu.novell.com/repo/$RCE/SLES11-SP2-Core/sle-11-x86_64?credentials=NCCcredentials" alias="nu_novell_com:SLES11-SP2-Core"/>
 </update>
 <update name="libgcrypt11" edition="1.5.0-0.13.14" arch="x86_64" kind="package" >
  <summary>The GNU Crypto Library  </summary>
  <description>Libgcrypt is a general purpose crypto library based on the code used in
GnuPG (alpha version).</description>
  <license></license>
  <source url="https://nu.novell.com/repo/$RCE/SLES11-SP2-Core/sle-11-x86_64?credentials=NCCcredentials" alias="nu_novell_com:SLES11-SP2-Core"/>
 </update>
 <update name="libext2fs2" edition="1.41.9-2.7.1" arch="x86_64" kind="package" >
  <summary>Ext2fs libray  </summary>
  <description>The basic Ext2fs library.</description>
  <license></license>
  <source url="https://nu.novell.com/repo/$RCE/SLES11-SP2-Core/sle-11-x86_64?credentials=NCCcredentials" alias="nu_novell_com:SLES11-SP2-Core"/>
 </update>
 <update name="libelf1" edition="0.152-4.7.86" arch="x86_64" kind="package" >
  <summary>Library to read and write ELF files  </summary>
  <description>This package provide a high-level library to read and write ELF files.
This is a part of elfutils package.</description>
  <license></license>
  <source url="https://nu.novell.com/repo/$RCE/SLES11-SP2-Core/sle-11-x86_64?credentials=NCCcredentials" alias="nu_novell_com:SLES11-SP2-Core"/>
 </update>
 <update name="libebl1" edition="0.152-4.7.86" arch="x86_64" kind="package" >
  <summary>A collection of utilities and DSOs to handle compiled objects  </summary>
  <description>Elfutils is a collection of utilities, including ld (a linker), nm (for
listing symbols from object files), size (for listing the section sizes
of an object or archive file), strip (for discarding symbols), readline
(the see the raw ELF file structures), and elflint (to check for
well-formed ELF files).  Also included are numerous helper libraries
which implement DWARF, ELF, and machine-specific ELF handling.</description>
  <license></license>
  <source url="https://nu.novell.com/repo/$RCE/SLES11-SP2-Core/sle-11-x86_64?credentials=NCCcredentials" alias="nu_novell_com:SLES11-SP2-Core"/>
 </update>
 <update name="libdw1" edition="0.152-4.7.86" arch="x86_64" kind="package" >
  <summary>Library to access DWARF debugging information  </summary>
  <description>This package provide a high-level library to access the DWARF debugging
information.  This is a part of elfutils package.</description>
  <license></license>
  <source url="https://nu.novell.com/repo/$RCE/SLES11-SP2-Core/sle-11-x86_64?credentials=NCCcredentials" alias="nu_novell_com:SLES11-SP2-Core"/>
 </update>
 <update name="libcom_err2" edition="1.41.9-2.7.1" arch="x86_64" kind="package" >
  <summary>E2fsprogs error reporting library  </summary>
  <description>com_err is an error message display library.</description>
  <license></license>
  <source url="https://nu.novell.com/repo/$RCE/SLES11-SP2-Core/sle-11-x86_64?credentials=NCCcredentials" alias="nu_novell_com:SLES11-SP2-Core"/>
 </update>
 <update name="libasm1" edition="0.152-4.7.86" arch="x86_64" kind="package" >
  <summary>A collection of utilities and DSOs to handle compiled objects  </summary>
  <description>Elfutils is a collection of utilities, including ld (a linker), nm (for
listing symbols from object files), size (for listing the section sizes
of an object or archive file), strip (for discarding symbols), readline
(the see the raw ELF file structures), and elflint (to check for
well-formed ELF files).  Also included are numerous helper libraries
which implement DWARF, ELF, and machine-specific ELF handling.</description>
  <license></license>
  <source url="https://nu.novell.com/repo/$RCE/SLES11-SP2-Core/sle-11-x86_64?credentials=NCCcredentials" alias="nu_novell_com:SLES11-SP2-Core"/>
 </update>
 <update name="insserv" edition="1.12.0-25.8.1" arch="x86_64" kind="package" >
  <summary>A Program to Arrange Initialization Scripts  </summary>
  <description>Insserv enables an installed system init script (boot script) by
reading the comment header of the script and calculating the
dependencies between all scripts.</description>
  <license></license>
  <source url="https://nu.novell.com/repo/$RCE/SLES11-SP2-Core/sle-11-x86_64?credentials=NCCcredentials" alias="nu_novell_com:SLES11-SP2-Core"/>
 </update>
 <update name="grep" edition="2.7-5.5.61" arch="x86_64" kind="package" >
  <summary>Print lines matching a pattern  </summary>
  <description>GNU grep, the &quot;fastest grep in the west&quot; (hopefully).

`grep&apos; searches for lines matching a pattern.</description>
  <license></license>
  <source url="https://nu.novell.com/repo/$RCE/SLES11-SP2-Core/sle-11-x86_64?credentials=NCCcredentials" alias="nu_novell_com:SLES11-SP2-Core"/>
 </update>
 <update name="gfxboot" edition="4.1.32-0.7.11" arch="x86_64" kind="package" >
  <summary>Graphical Boot Logo for GRUB, LILO and SYSLINUX  </summary>
  <description>Tools to configure your bootloader graphics.</description>
  <license></license>
  <source url="https://nu.novell.com/repo/$RCE/SLES11-SP2-Core/sle-11-x86_64?credentials=NCCcredentials" alias="nu_novell_com:SLES11-SP2-Core"/>
 </update>
 <update name="elfutils" edition="0.152-4.7.86" arch="x86_64" kind="package" >
  <summary>Higher-level library to access ELF  </summary>
  <description>This package provides a higher-level library to access ELF files. This
is a part of elfutils package.</description>
  <license></license>
  <source url="https://nu.novell.com/repo/$RCE/SLES11-SP2-Core/sle-11-x86_64?credentials=NCCcredentials" alias="nu_novell_com:SLES11-SP2-Core"/>
 </update>
 <update name="e2fsprogs" edition="1.41.9-2.7.1" arch="x86_64" kind="package" >
  <summary>Utilities for the Second Extended File System  </summary>
  <description>Utilities needed to create and maintain ext2 and ext3 file systems
under Linux. Included in this package are: chattr, lsattr, mke2fs,
mklost+found, tune2fs, e2fsck, resize2fs, and badblocks.</description>
  <license></license>
  <source url="https://nu.novell.com/repo/$RCE/SLES11-SP2-Core/sle-11-x86_64?credentials=NCCcredentials" alias="nu_novell_com:SLES11-SP2-Core"/>
 </update>
 <update name="dosfstools" edition="2.11-121.30.1" arch="x86_64" kind="package" >
  <summary>Utilities for Making and Checking MS-DOS FAT File Systems on Linux  </summary>
  <description>The dosfstools package includes the mkdosfs and dosfsck utilities,
which respectively make and check MS-DOS FAT file systems on hard
drives or on floppies.</description>
  <license></license>
  <source url="https://nu.novell.com/repo/$RCE/SLES11-SP2-Core/sle-11-x86_64?credentials=NCCcredentials" alias="nu_novell_com:SLES11-SP2-Core"/>
 </update>
 <update name="desktop-translations" edition="11.1-10.37.1" arch="noarch" kind="package" >
  <summary>Desktop Files Translation updates  </summary>
  <description>This package provides further translations for installed desktop files.</description>
  <license></license>
  <source url="https://nu.novell.com/repo/$RCE/SLES11-SP2-Core/sle-11-x86_64?credentials=NCCcredentials" alias="nu_novell_com:SLES11-SP2-Core"/>
 </update>
 <update name="PolicyKit-doc" edition="0.9-14.39.2" arch="x86_64" kind="package" >
  <summary>Documentation for PolicyKit  </summary>
  <description>PolicyKit is a toolkit for defining and handling authorizations. It is
used for allowing unprivileged processes to speak to privileged
processes.</description>
  <license></license>
  <source url="https://nu.novell.com/repo/$RCE/SLES11-SP2-Core/sle-11-x86_64?credentials=NCCcredentials" alias="nu_novell_com:SLES11-SP2-Core"/>
 </update>
 <update name="PolicyKit" edition="0.9-14.39.1" arch="x86_64" kind="package" >
  <summary>Authorization Toolkit  </summary>
  <description>PolicyKit is a toolkit for defining and handling authorizations. It is
used for allowing unprivileged processes to speak to privileged
processes.</description>
  <license></license>
  <source url="https://nu.novell.com/repo/$RCE/SLES11-SP2-Core/sle-11-x86_64?credentials=NCCcredentials" alias="nu_novell_com:SLES11-SP2-Core"/>
 </update>
 <update name="libaugeas0" edition="0.8.1-7.18.1" arch="x86_64" kind="package" >
  <summary>A library for changing configuration files  </summary>
  <description>A library for programmatically editing configuration files. Augeas
parses configuration files into a tree structure, which it exposes
through its public API. Changes made through the API are written back
to the initially read files.

The transformation works very hard to preserve comments and formatting
details. It is controlled by ``lens&apos;&apos; definitions that describe the
file format and the transformation into a tree.</description>
  <license></license>
  <source url="https://nu.novell.com/repo/$RCE/SLES11-SP1-Updates/sle-11-x86_64?credentials=NCCcredentials" alias="nu_novell_com:SLES11-SP1-Updates"/>
 </update>
 <update name="sysvinit" edition="2.86-213.1" arch="x86_64" kind="package" >
  <summary>SysV-Style init  </summary>
  <description>System V style init programs by Miquel van Smoorenburg that control the
booting and shutdown of your system. These support a number of system
runlevels, each one associated with a specific set of utilities. For
example, the normal system runlevel is 3, which starts a getty on
virtual consoles tty1-tty6. Runlevel 5 starts xdm. Runlevel 0 shuts
down the system. See the individual man pages for inittab, initscript,
halt, init, killproc, killall5, powerd, reboot, runlevel, shutdown, and
telinit for more information.</description>
  <license></license>
  <source url="https://nu.novell.com/repo/$RCE/SLES11-SP2-Updates/sle-11-x86_64?credentials=NCCcredentials" alias="nu_novell_com:SLES11-SP2-Updates"/>
 </update>
 <update name="gfxboot-branding-SLES" edition="4.1.32-0.7.11" arch="x86_64" kind="package" >
  <summary>gfxboot SLES theme  </summary>
  <description>SLES theme for gfxboot (bootloader graphics).</description>
  <license></license>
  <source url="https://nu.novell.com/repo/$RCE/SLE11-SDK-SP2-Core/sle-11-x86_64?credentials=NCCcredentials" alias="nu_novell_com:SLE11-SDK-SP2-Core"/>
 </update>
 <update name="branding-SLES" edition="11-3.20.30" arch="noarch" kind="package" >
  <summary>SUSE Linux Enterprise Server Brand File  </summary>
  <description>This package contains the file /etc/SuSE-brand, and its name is used as
a trigger for installation of correct vendor brand packages.</description>
  <license></license>
  <source url="https://nu.novell.com/repo/$RCE/SLE11-SDK-SP2-Core/sle-11-x86_64?credentials=NCCcredentials" alias="nu_novell_com:SLE11-SDK-SP2-Core"/>
 </update>
</update-list>
</update-status>
</stream>
